[www.educaplay.com/game/11053416-el_animal_infiltrado.html]
[backblue.gif]
[fade.gif]
[index.html]
[cloud.educaplay.com/r2/js/vendor/core-js-bundle/minified53f9.js]
[cloud.educaplay.com/r2/js/vendor/@webcomponents/webcomponentsjs/webcomponents-loader53f9.js]
[cloud.educaplay.com/r2/js/cookie-consent.es553f9.js]
[cloud.educaplay.com/r2/js/cookie-consent53f9.js]
[cloud.educaplay.com/r2/js/cookie-consent-config53f9.js]
[cloud.educaplay.com/r2/js/activities/commonV2/phaser.min53f9.js]
[www.educaplay.com/gameData/20230825001258/11053416.js]
[cloud.educaplay.com/r2/jsobfuscated/activities/FROGGY_JUMPS/share/share53f9.js]
[cloud.educaplay.com/r2/jsobfuscated/activities/commonV2/share53f9.js]
[cloud.educaplay.com/r2/jsobfuscated/activities/commonV2/Preload53f9.js]
[cloud.educaplay.com/r2/jsobfuscated/activities/FROGGY_JUMPS/scenes/Preload53f9.js]
[cloud.educaplay.com/r2/jsobfuscated/activities/commonV2/Bootloader53f9.js]
[cloud.educaplay.com/r2/jsobfuscated/activities/FROGGY_JUMPS/scenes/Bootloader53f9.js]
[cloud.educaplay.com/r2/jsobfuscated/activities/commonV2/common53f9.js]
[cloud.educaplay.com/r2/jsobfuscated/activities/commonV2/main53f9.js]
[cloud.educaplay.com/r2/jsobfuscated/activities/commonV2/functions53f9.js]
[cloud.educaplay.com/r2/css/gameCommonActivitiesV253f9.css]
[cloud.educaplay.com/r2/css/gameFROGGY_JUMPS53f9.css]
[cloud.educaplay.com/r2/img/activities/FROGGY_JUMPS/logoActivity53f9.png]
[cloud.educaplay.com/r2/img/activities/FROGGY_JUMPS/arrows-min.png]
[cloud.educaplay.com/r2/img/activities/FROGGY_JUMPS/abc-min.png]
[www.educaplay.com/game/11053416-el_animal_infiltrado.html]
[cloud.educaplay.com/r2/css/gameCommonActivitiesV253f9.css]
[cloud.educaplay.com/r2/img/activities/FROGGY_JUMPS/background.png]
[cloud.educaplay.com/r2/css/gameFROGGY_JUMPS53f9.css]
